
Allocating common symbols
Common symbol       size              file

clflush_size        0x4               output.o
sReaderContext      0x60              output.o
uefi_memory_map_data
                    0x4000            output.o
uefi_booted         0x4               output.o
sigx_app            0x8               output.o
log                 0x10000           output.o
num_dom             0x4               output.o
mszReaders          0x400             output.o
prohibit_iccard_init
                    0x4               output.o
pci_config_mmio_data_head
                    0x8               output.o
curthread           0x8               output.o
sig_app             0x8               output.o
readerState         0x64              output.o
dom_io              0x800             output.o
acpi_dsdt_system_state
                    0x1e              output.o
ehci_host           0x8               output.o
num_of_processors   0x4               output.o
e801_fake_bx        0x2               output.o
iommu_detected      0x1               output.o
process             0x6500            output.o
dwReaders           0x8               output.o
readerTracker       0x140             output.o
handler_descriptor_lock
                    0x1               output.o
e801_fake_ax        0x2               output.o

Discarded input sections

 .gomi          0x0000000000000000       0x10 output.o

Memory Configuration

Name             Origin             Length             Attributes
*default*        0x0000000000000000 0xffffffffffffffff

Linker script and memory map

                0x0000000040100000                virt = 0x40100000
                0x0000000000100000                phys = 0x100000
                0x0000000040100000                . = virt
                0x0000000040100000                head = .
                0x00000000401000b0                . = (virt + SIZEOF_HEADERS)

.entry          0x0000000040101000     0x65f0 load address 0x0000000000101000
                0x0000000040101000                code = .
 *(.entry)
 .entry         0x0000000040101000     0x6000 output.o
                0x000000004010100c                entry
                0x0000000040101338                uefi_entry_virttophys
                0x0000000040101343                uefi_entry_call
                0x000000004010137f                uefi_entry_pcpy
                0x00000000401013be                uefi_entry_start
                0x00000000401014d5                uefi_entry_rsp
                0x00000000401014dd                uefi_entry_ret_addr
                0x0000000040101580                cpuinit_start
                0x00000000401017b0                vmm_base_cr3
                0x00000000401017c8                apinit_procs
                0x00000000401017d0                apinit_lock
                0x00000000401017d8                cpuinit_end
                0x0000000040103000                entry_pdp
                0x0000000040104000                entry_pd0
                0x0000000040105000                entry_pd
 *(.entry.text)
 .entry.text    0x0000000040107000      0x51c output.o
                0x0000000040107000                uefi_init_get_vmmsize
                0x00000000401070a2                uefi_init
 *(.entry.data)
 *fill*         0x000000004010751c        0x4 
 .entry.data    0x0000000040107520       0xd0 output.o
                0x0000000040107578                uefi_acpi_table
                0x0000000040107580                uefi_acpi_20_table
                0x0000000040107588                uefi_wait_for_event
                0x0000000040107590                uefi_free_pages
                0x0000000040107598                uefi_get_memory_map
                0x00000000401075a0                uefi_allocate_pages
                0x00000000401075a8                uefi_conout_output_string
                0x00000000401075b0                uefi_conin_read_key_stroke
                0x00000000401075b8                uefi_conout
                0x00000000401075c0                uefi_conin

.text           0x0000000040108000   0x108209 load address 0x0000000000108000
                0x0000000040108000                text = .
 *(.text)
 .text          0x0000000040108000   0x108209 output.o
                0x0000000040108b27                acpi_smi_hook
                0x0000000040108b78                acpi_iohook
                0x0000000040108bcd                acpi_reset
                0x0000000040108cc4                acpi_poweroff
                0x0000000040108cf9                get_acpi_time_raw
                0x0000000040108d17                acpi_read_mcfg
                0x000000004010eb44                acpi_dsdt_parse
                0x000000004010ec01                acpi_ssdt_parse
                0x000000004010ecca                apinitproc0
                0x000000004010ecf6                apic_available
                0x000000004010ed1d                ap_start_addr
                0x000000004010f073                panic_wakeup_all
                0x000000004010f103                disable_apic
                0x000000004010f17d                sync_all_processors
                0x000000004010f209                start_all_processors
                0x000000004010f24b                assertion_failed
                0x000000004010f288                beep_set_freq
                0x000000004010f2b4                beep_on
                0x000000004010f2bf                beep_off
                0x000000004010f96e                update_mtrr_and_pat
                0x000000004010fd63                cache_get_gpat
                0x000000004010fdb5                cache_set_gpat
                0x000000004010fdff                cache_get_attr
                0x000000004010feb1                cache_get_gmtrr_type
                0x000000004010fecc                cache_get_gmtrr_attr
                0x000000004010fef0                cache_get_gmtrrcap
                0x000000004010ff1a                cache_get_gmtrr
                0x000000004011002a                cache_set_gmtrr
                0x0000000040110087                cache_get_gmsr_amd
                0x0000000040110115                cache_set_gmsr_amd
                0x0000000040110575                callrealmode_endofcodeaddr
                0x0000000040110581                callrealmode_usevcpu
                0x0000000040110589                callrealmode_printmsg
                0x00000000401105a5                callrealmode_getsysmemmap
                0x00000000401105f1                callrealmode_getshiftflags
                0x000000004011060e                callrealmode_setvideomode
                0x000000004011062b                callrealmode_reboot
                0x0000000040110643                callrealmode_tcgbios
                0x00000000401106e0                callrealmode_disk_readmbr
                0x0000000040110721                callrealmode_disk_readlba
                0x000000004011076c                callrealmode_bootcd_getstatus
                0x00000000401107c1                callrealmode_setcursorpos
                0x00000000401107e7                callrealmode_startkernel32
                0x0000000040110807                callrealmode_getfontinfo
                0x0000000040110874                call_uefi_get_memory_map
                0x00000000401108ed                call_uefi_allocate_pages
                0x000000004011094c                call_uefi_free_pages
                0x0000000040110971                call_uefi_getkey
                0x00000000401109e6                call_uefi_putchar
                0x0000000040110a31                fill_pagetable
                0x0000000040110b3a                copy_uefi_bootcode
                0x0000000040110c9c                get_cpu_id
                0x0000000040110cab                cpu_emul_cpuid
                0x0000000040110d67                cpu_emul_rdmsr
                0x0000000040110dd8                cpu_emul_wrmsr
                0x0000000040110e4a                cpu_emul_hlt
                0x0000000040110e5d                cpu_emul_cli
                0x0000000040110e98                cpu_emul_sti
                0x0000000040110ee1                cpu_emul_realmode_int
                0x0000000040111053                cpu_emul_xsetbv
                0x00000000401110e5                call_cpuid
                0x00000000401139c9                cpu_interpreter
                0x0000000040115cb0                cpu_mmu_get_pte
                0x00000000401163e6                write_linearaddr_ok_b
                0x0000000040116408                write_linearaddr_ok_w
                0x0000000040116416                write_linearaddr_ok_l
                0x0000000040116424                write_linearaddr_b
                0x000000004011648d                write_linearaddr_w
                0x000000004011651f                write_linearaddr_l
                0x00000000401165af                write_linearaddr_q
                0x000000004011663d                read_linearaddr_b
                0x00000000401166a5                read_linearaddr_w
                0x0000000040116731                read_linearaddr_l
                0x00000000401167bd                read_linearaddr_q
                0x0000000040116849                read_linearaddr_tss
                0x00000000401168d4                write_linearaddr_tss
                0x000000004011a615                cpu_mmu_spt_tlbflush
                0x000000004011a653                cpu_mmu_spt_updatecr3
                0x000000004011a8d5                cpu_mmu_spt_invalidate
                0x000000004011a949                cpu_mmu_spt_pagefault
                0x000000004011ab47                cpu_mmu_spt_extern_mapsearch
                0x000000004011ac78                cpu_mmu_spt_map_1mb
                0x000000004011ae18                cpu_mmu_spt_clear_all
                0x000000004011af6f                cpu_mmu_spt_init
                0x000000004011b564                cpu_seg_read_b
                0x000000004011b5cb                cpu_seg_read_w
                0x000000004011b632                cpu_seg_read_l
                0x000000004011b699                cpu_seg_read_q
                0x000000004011b700                cpu_seg_write_b
                0x000000004011b768                cpu_seg_write_w
                0x000000004011b7d0                cpu_seg_write_l
                0x000000004011b835                cpu_seg_write_q
                0x000000004011b89c                cpu_stack_get
                0x000000004011b904                cpu_stack_set
                0x000000004011b998                cpu_stack_push
                0x000000004011ba3d                cpu_stack_pop
                0x000000004011bdf1                debug_addstr
                0x000000004011bdf3                debug_gdb
                0x000000004011bdf5                debug_iohook
                0x000000004011bdf7                debug_msgregister
                0x000000004011be2a                debug_msgunregister
                0x000000004011becd                do_exint_pass
                0x000000004011bf6f                read_gphys_b
                0x000000004011bfd2                write_gphys_b
                0x000000004011c051                read_gphys_w
                0x000000004011c0de                write_gphys_w
                0x000000004011c18b                read_gphys_l
                0x000000004011c218                write_gphys_l
                0x000000004011c2c8                read_gphys_q
                0x000000004011c355                write_gphys_q
                0x000000004011c402                cmpxchg_gphys_l
                0x000000004011c4bb                cmpxchg_gphys_q
                0x000000004011c574                gmm_pass_gp2hp
                0x000000004011ca39                idman_reinit_session
                0x000000004011cab7                idman_reinit2
                0x000000004011cadb                get_idman_session
                0x000000004011cb0e                call_initfunc
                0x000000004011cb64                initfunc_init
                0x000000004011e6b7                int_fatal
                0x000000004011ea12                callfunc_and_getint
                0x000000004011ea29                do_externalint_enable
                0x000000004011ea41                set_int_handler
                0x000000004011ea5c                int_exceptionHandler
                0x000000004011ea63                int_init_ap
                0x000000004011eabe                do_io_nothing
                0x000000004011eaf9                set_iofunc
                0x000000004011eb8a                call_io
                0x000000004011ec70                do_iopass_default
                0x000000004011ef0a                keyboard_reset
                0x000000004011ef54                setkbdled
                0x000000004011efa8                keyboard_flush
                0x000000004011efc7                load_bootsector
                0x000000004011f385                copy_bootsector
                0x000000004011f6f2                localapic_wait_for_sipi
                0x000000004011f77f                localapic_change_base_msr
                0x000000004011f7cb                localapic_mmio_register
                0x000000004011f834                localapic_delayed_ap_start
                0x0000000040120200                resume_vm
                0x00000000401202b2                vmm_main
                0x0000000040120762                getsysmemmap
                0x00000000401207e6                getfakesysmemmap
                0x0000000040120851                phys_to_virt
                0x0000000040120862                vmm_start_inf
                0x0000000040120869                vmm_term_inf
                0x0000000040120875                num_of_available_pages
                0x00000000401208e3                alloc_pages
                0x000000004012095a                alloc_page
                0x000000004012096d                alloc
                0x0000000040120c09                alloc2
                0x0000000040120c42                free
                0x0000000040120d3d                realloc
                0x0000000040120e74                free_page
                0x0000000040120e8a                free_page_phys
                0x0000000040120eb0                mempool_new
                0x0000000040120f0d                mempool_free
                0x0000000040120fae                mempool_allocmem
                0x00000000401211a5                mempool_freemem
                0x0000000040121447                sym_to_phys
                0x0000000040121456                phys_in_vmm
                0x0000000040121479                mm_force_unlock
                0x000000004012149d                mm_process_alloc
                0x00000000401214e1                mm_process_free
                0x00000000401214ef                pmap_open_vmm
                0x0000000040121515                pmap_open_guest
                0x0000000040121552                pmap_close
                0x0000000040121554                pmap_getreadlevel
                0x000000004012155b                pmap_setlevel
                0x0000000040121562                pmap_seek
                0x00000000401215cd                pmap_read
                0x000000004012185c                pmap_write
                0x00000000401219f2                mm_process_unmap
                0x0000000040121ad0                mm_process_unmap_stack
                0x0000000040121c9b                mm_process_unmapall
                0x0000000040121d35                mm_process_switch
                0x0000000040121f97                pmap_pointer
                0x0000000040121ff5                pmap_clear
                0x00000000401220de                pmap_autoalloc
                0x0000000040122275                mm_process_map_alloc
                0x00000000401223ad                mm_process_map_shared_physpage
                0x0000000040122406                mm_process_map_shared
                0x0000000040122666                mm_process_map_stack
                0x0000000040122f1d                pmap_dump
                0x0000000040123028                unmapmem
                0x00000000401230fa                mapmem
                0x0000000040123555                read_hphys_b
                0x00000000401235aa                write_hphys_b
                0x00000000401235cf                read_hphys_w
                0x00000000401235f9                write_hphys_w
                0x000000004012361f                read_hphys_l
                0x0000000040123647                write_hphys_l
                0x000000004012366c                read_hphys_q
                0x0000000040123696                write_hphys_q
                0x00000000401236bd                cmpxchg_hphys_l
                0x0000000040123700                cmpxchg_hphys_q
                0x0000000040123745                alloc_realmodemem
                0x0000000040123931                mapmem_hphys
                0x000000004012394c                mapmem_gphys
                0x0000000040123967                mm_flush_wb_cache
                0x0000000040123fa6                mmio_access_memory
                0x0000000040124265                mmio_access_page
                0x000000004012433e                mmio_register
                0x0000000040124352                mmio_register_unlocked
                0x0000000040124366                mmio_unregister
                0x0000000040124416                mmio_lock
                0x000000004012444f                mmio_unlock
                0x00000000401245f4                msg_findname
                0x0000000040124654                msg_register
                0x0000000040124722                msg_unregister
                0x00000000401247a0                msg_unregisterall
                0x0000000040124826                msg_unregister2
                0x00000000401248df                call_read_msr
                0x00000000401248f6                call_write_msr
                0x0000000040124b84                load_minios
                0x0000000040124eab                backtrace
                0x0000000040125980                panic
                0x0000000040125f15                auto_reboot
                0x0000000040125f32                panic_test
                0x0000000040125f55                pcpu_list_foreach
                0x0000000040125f85                pcpu_list_add
                0x0000000040125fd4                pcpu_init
                0x0000000040126ac0                vprintf
                0x0000000040126afe                printf
                0x0000000040126b46                vsnprintf
                0x0000000040126b84                snprintf
                0x0000000040126d9f                sys_msgsetfunc
                0x0000000040126e41                sys_msgclose
                0x0000000040126e59                sys_msgret
                0x0000000040126f3f                sys_msgregister
                0x0000000040127172                sys_msgsenddesc
                0x000000004012791b                sys_msgsendint
                0x0000000040127c4f                sys_newprocess
                0x0000000040127cb2                sys_msgunregister
                0x0000000040127d3d                sys_exitprocess
                0x0000000040127d92                sys_msgsendbuf
                0x0000000040127ee3                sys_msgopen
                0x0000000040127f44                process_kill
                0x0000000040127fa8                msgsetfunc
                0x0000000040127fb9                msgregister
                0x0000000040127fd2                msgopen
                0x0000000040127fe8                msgclose
                0x0000000040127ff6                msgsendint
                0x000000004012800d                msgsenddesc
                0x0000000040128024                newprocess
                0x000000004012803a                msgsendbuf
                0x0000000040128057                msgunregister
                0x000000004012808a                exitprocess
                0x000000004012809d                msgpremapbuf
                0x00000000401281b8                process_syscall
                0x0000000040128256                putchar
                0x0000000040128297                putchar_set_func
                0x000000004012856d                do_panic_reboot
                0x00000000401285ea                handle_init_to_bsp
                0x0000000040128654                reboot_test
                0x000000004012867e                savemsr_save
                0x00000000401286e2                savemsr_load
                0x0000000040128a42                get_seg_base
                0x0000000040128af1                get_seg_access_rights
                0x0000000040128b0d                segment_wakeup
                0x0000000040128b4b                segment_init_ap
                0x0000000040128dd2                serial_putDebugChar
                0x0000000040128de0                serial_getDebugChar
                0x0000000040128df1                serial_putchar
                0x0000000040128e49                serial_init_iohook
                0x0000000040128e88                waitcycles
                0x0000000040128ea7                usleep
                0x0000000040128fbf                sleep_set_timer_counter
                0x0000000040129117                vmctl_svm_init
                0x00000000401291bb                message_exitcode
                0x0000000040129533                printexitcode
                0x0000000040129560                svm_available
                0x0000000040129604                svm_reset
                0x0000000040129874                svm_vminit
                0x0000000040129c21                svm_vmexit
                0x0000000040129c23                svm_init
                0x0000000040129d67                svm_enable_resume
                0x0000000040129e6d                svm_resume
                0x0000000040129fc2                svm_ioio
                0x000000004012a0bf                svm_extern_iopass
                0x000000004012a218                svm_init_signal
                0x000000004012a23e                svm_start_vm
                0x000000004012ad10                svm_msr_update_lma
                0x000000004012ad80                svm_read_msr
                0x000000004012b018                svm_write_msr
                0x000000004012b574                svm_np_init
                0x000000004012b66a                svm_np_pagefault
                0x000000004012b6a1                svm_np_tlbflush
                0x000000004012b6a3                svm_np_updatecr3
                0x000000004012b6b1                svm_np_clear_all
                0x000000004012b747                svm_np_extern_mapsearch
                0x000000004012b7cb                svm_np_map_1mb
                0x000000004012b810                svm_paging_extern_flush_tlb_entry
                0x000000004012b83a                svm_paging_map_1mb
                0x000000004012b861                svm_paging_flush_guest_tlb
                0x000000004012b89a                svm_paging_init
                0x000000004012b9ab                svm_paging_pagefault
                0x000000004012b9da                svm_paging_tlbflush
                0x000000004012ba01                svm_paging_invalidate
                0x000000004012ba32                svm_paging_npf
                0x000000004012ba61                svm_paging_updatecr3
                0x000000004012ba8a                svm_paging_spt_setcr3
                0x000000004012babe                svm_paging_clear_all
                0x000000004012baea                svm_paging_get_gpat
                0x000000004012baf8                svm_paging_set_gpat
                0x000000004012bb38                svm_paging_apply_fixed_cr0
                0x000000004012bb57                svm_paging_apply_fixed_cr4
                0x000000004012bb76                svm_paging_pg_change
                0x000000004012bb78                svm_paging_start
                0x000000004012bb7e                svm_panic_dump
                0x000000004012bc50                svm_read_general_reg
                0x000000004012bd8c                svm_write_general_reg
                0x000000004012be98                svm_read_control_reg
                0x000000004012bf36                svm_write_control_reg
                0x000000004012c00e                svm_read_sreg_sel
                0x000000004012c0cf                svm_read_sreg_acr
                0x000000004012c1aa                svm_read_sreg_base
                0x000000004012c2c1                svm_read_sreg_limit
                0x000000004012c3cd                svm_read_ip
                0x000000004012c3e7                svm_write_ip
                0x000000004012c408                svm_read_flags
                0x000000004012c422                svm_write_flags
                0x000000004012c439                svm_read_gdtr
                0x000000004012c46b                svm_write_gdtr
                0x000000004012c48f                svm_read_idtr
                0x000000004012c4c1                svm_write_idtr
                0x000000004012c4e5                svm_write_realmode_seg
                0x000000004012c624                svm_writing_sreg
                0x000000004012c714                int1a_TCG_StatusCheck
                0x000000004012c7e1                int1a_TCG_HashLogExtendEvent
                0x000000004012c86d                int1a_TCG_PassThroughToTPM
                0x000000004012c8f9                int1a_TCG_HashLogEvent
                0x000000004012c97c                int1a_TCG_HashAll
                0x000000004012ca35                int1a_TCG_TSS
                0x000000004012cac1                int1a_TCG_CompactHashLogExtendEvent
                0x000000004012cb24                tcg_measure
                0x000000004012ce0a                thread_gettid
                0x000000004012ce1a                schedule
                0x000000004012d04c                thread_new
                0x000000004012d17b                thread_wakeup
                0x000000004012d24a                thread_will_stop
                0x000000004012d2c2                thread_exit
                0x000000004012d368                thread_start1
                0x000000004012d568                get_cpu_time
                0x000000004012d632                get_acpi_time
                0x000000004012d6e5                get_time
                0x000000004012d8c4                timer_new
                0x000000004012d941                timer_set
                0x000000004012da5f                timer_free
                0x000000004012dc69                tty_putchar
                0x000000004012df57                ttylog_stop
                0x000000004012df62                tty_udp_register
                0x000000004012dfa7                tty_init_iohook
                0x000000004012dfc0                vcpu_list_foreach
                0x000000004012dff0                load_new_vcpu
                0x000000004012e098                vga_register
                0x000000004012e10d                vga_is_ready
                0x000000004012e160                vga_transfer_image
                0x000000004012e1af                vga_fill_rect
                0x000000004012e1e9                vga_get_screen_size
                0x000000004012e588                vmmcall_boot_continue
                0x000000004012e5d6                vmmcall_boot_enable
                0x000000004012e724                vmmcall
                0x000000004012e77c                vmmcall_register
                0x000000004012e7b9                vmmcall_init
                0x000000004012ecff                register_status_callback
                0x000000004012efcc                htoi
                0x000000004012f011                atoi
                0x000000004012f045                vmi_translate_ksym2v
                0x000000004012f06f                virt_memcpy
                0x000000004012f19f                read_str_va
                0x000000004012f5e6                vramwrite_clearscreen
                0x000000004012f643                vramwrite_putchar
                0x000000004012f800                vramwrite_mark1
                0x000000004012f838                vramwrite_mark2
                0x000000004012f879                vramwrite_mark3
                0x000000004012f8ba                vramwrite_save_and_move_cursor
                0x000000004012f8e8                vramwrite_restore_cursor
                0x000000004012f8f6                vramwrite_get_cursor_pos
                0x000000004012f93c                vramwrite_init_global
                0x000000004012f944                vramwrite_exit_global
                0x000000004012f9cf                vt_generate_pagefault
                0x000000004012fa58                vt_generate_external_int
                0x000000004012faad                vmctl_vt_init
                0x000000004012fb51                vt_update_exint
                0x000000004012fbd1                vt_vmptrld
                0x000000004012fec9                vt_ept_init
                0x000000004012ffbd                vt_ept_violation
                0x000000004012fff4                vt_ept_tlbflush
                0x000000004012fff6                vt_ept_updatecr3
                0x00000000401300b2                vt_ept_clear_all
                0x0000000040130148                vt_ept_extern_mapsearch
                0x00000000401301cc                vt_ept_map_1mb
                0x0000000040130211                message_exitreason
                0x0000000040130310                printexitreason
                0x0000000040130c7c                vt_available
                0x0000000040130d18                vt__vmx_init
                0x0000000040130d60                vt__vmxon
                0x0000000040130e08                vt_vminit
                0x0000000040130e67                vt_vmexit
                0x0000000040130e84                vt_init
                0x0000000040130e97                vt_enable_resume
                0x0000000040130fd3                vt_resume
                0x000000004013115f                vt_io
                0x0000000040131283                vt_iopass_init
                0x00000000401313fb                vt_iopass
                0x000000004013143d                vt_extern_iopass
                0x000000004013210a                vt_update_exception_bmp
                0x0000000040132714                vt_init_signal
                0x0000000040132722                vt_start_vm
                0x0000000040132af5                vt_add_guest_msr
                0x0000000040132c49                vt_read_guest_msr
                0x0000000040132ca6                vt_write_guest_msr
                0x0000000040132d00                vt_msr_update_lma
                0x0000000040132db5                vt_read_msr
                0x000000004013304c                vt_write_msr
                0x00000000401332ef                vt_msr_init
                0x00000000401334bf                vt_paging_extern_flush_tlb_entry
                0x0000000040133514                vt_paging_map_1mb
                0x000000004013353a                vt_paging_flush_guest_tlb
                0x000000004013359b                vt_paging_pagefault
                0x00000000401335d1                vt_paging_tlbflush
                0x00000000401335f1                vt_paging_invalidate
                0x0000000040133617                vt_paging_npf
                0x000000004013364d                vt_paging_updatecr3
                0x0000000040133681                vt_paging_spt_setcr3
                0x00000000401336a7                vt_paging_clear_all
                0x00000000401336dd                vt_paging_get_gpat
                0x00000000401336eb                vt_paging_set_gpat
                0x0000000040133733                vt_paging_apply_fixed_cr0
                0x0000000040133796                vt_paging_apply_fixed_cr4
                0x00000000401337d9                vt_paging_pg_change
                0x000000004013394b                vt_paging_init
                0x000000004013399a                vt_paging_start
                0x00000000401339bb                vt_panic_dump
                0x0000000040133b70                vt_read_general_reg
                0x0000000040133c91                vt_write_general_reg
                0x0000000040133d85                vt_read_control_reg
                0x0000000040133df6                vt_read_sreg_sel
                0x0000000040133eff                vt_read_sreg_acr
                0x0000000040133f56                vt_read_sreg_base
                0x0000000040133fd8                vt_read_sreg_limit
                0x0000000040134055                vt_read_ip
                0x000000004013405e                vt_write_ip
                0x0000000040134079                vt_read_flags
                0x000000004013409b                vt_write_flags
                0x00000000401340c1                vt_read_gdtr
                0x00000000401340d1                vt_write_gdtr
                0x00000000401340e1                vt_read_idtr
                0x000000004013411f                vt_write_idtr
                0x000000004013414f                vt_write_control_reg
                0x0000000040134636                vt_get_current_regs_in_vmcs
                0x00000000401348e4                vt_get_vmcs_regs_in_vmcs
                0x0000000040134a5c                vt_write_realmode_seg
                0x0000000040134ba8                vt_writing_sreg
                0x0000000040134c34                vt_reset
                0x0000000040134f1a                prepare_for_sleep
                0x0000000040134fdc                cancel_sleep
                0x0000000040135001                wakeup_main
                0x000000004013508c                wakeup_cont
                0x00000000401351cf                wakeup_init
                0x0000000040135216                call_xsetbv
                0x00000000401352a0                mpumul_64_64
                0x00000000401352c0                mpudiv_128_32
                0x00000000401352e0                ipchecksum
                0x0000000040135370                asm_vmlaunch_regs_32
                0x00000000401353f0                asm_vmresume_regs_32
                0x0000000040135470                asm_vmrun_regs_32
                0x00000000401354d0                asm_vmlaunch_regs_64
                0x00000000401355b0                asm_vmresume_regs_64
                0x0000000040135690                asm_vmrun_regs_64
                0x0000000040135734                callrealmode_start
                0x000000004013574a                callrealmode_start2
                0x0000000040135bd6                move_vmm_area32
                0x0000000040135bd6                callrealmode_end
                0x0000000040135bfb                move_vmm_area64
                0x0000000040135c28                int_handler
                0x0000000040135ca0                int_callfunc
                0x0000000040136000                syscall_entry_sysexit
                0x000000004013602c                syscall_entry_lret
                0x000000004013605c                ret_to_user32
                0x0000000040136068                syscall_entry_sysret64
                0x00000000401360b0                ret_to_user64
                0x0000000040137000                processuser_sysenter
                0x0000000040138000                processuser_no_sysenter
                0x0000000040139000                processuser_syscall
                0x000000004013a140                memset
                0x000000004013a1c0                memcpy
                0x000000004013a200                strcmp
                0x000000004013a240                memcmp
                0x000000004013a280                strlen
                0x000000004013a298                sx_handler
                0x000000004013a2f0                thread_switch
                0x000000004013a310                thread_start0
                0x000000004013a350                core_init
                0x000000004013a35c                core_mm_read_guest_phys
                0x000000004013a3c6                core_mm_write_guest_phys
                0x000000004013a430                alloc_handler_descriptor
                0x000000004013a443                core_io_modify_handler
                0x000000004013a505                core_io_unregister_handler
                0x000000004013a57f                core_io_handle_default
                0x000000004013a813                panic_oom
                0x000000004013a826                core_io_register_handler
                0x000000004013a960                matched_drhd_u
                0x000000004013a9b9                parse_dmar_bios_report
                0x000000004013a9d9                ieee1394_init
                0x000000004013aa4e                iommu_setup
                0x000000004013aa50                iodom_init
                0x000000004013ac19                add_remap
                0x000000004013ac96                create_dom
                0x000000004013afaf                pci_conceal_new_device
                0x000000004013b38a                pci_conceal_config_data_handler
                0x000000004013b3a7                pci_save_config_addr
                0x000000004013b3b4                pci_restore_config_addr
                0x000000004013b3c1                pci_append_device
                0x000000004013b3ee                pci_config_addr_handler
                0x000000004013b432                pci_register_driver
                0x000000004013b4c7                pci_read_config_data8
                0x000000004013b508                pci_read_config_data16
                0x000000004013b54a                pci_read_config_data32
                0x000000004013b58b                pci_write_config_data8
                0x000000004013b5cc                pci_write_config_data16
                0x000000004013b60e                pci_write_config_data32
                0x000000004013b64f                pci_read_config_data_port
                0x000000004013b67c                pci_write_config_data_port
                0x000000004013b6ad                pci_readwrite_config_mmio
                0x000000004013b773                pci_config_data_handler
                0x000000004013bab9                pci_read_config_mmio
                0x000000004013bae4                pci_write_config_mmio
                0x000000004013bb0f                pci_handle_default_config_write
                0x000000004013bc08                pci_handle_default_config_read
                0x000000004013bc88                pci_config_mmio_handler
                0x000000004013be81                pci_print_device
                0x000000004013c343                pci_possible_new_device
                0x000000004013c36b                security_storage_check_lba
                0x000000004013eb26                ahci_new
                0x000000004013ed9f                ahci_config_read
                0x000000004013ee05                ahci_config_write
                0x000000004013f094                ata_bm_handle_command
                0x000000004013f1ba                ata_bm_handle_status
                0x000000004013f258                ata_bm_handle_prd_table
                0x000000004013f344                ata_bm_handler
                0x000000004013f43e                ata_get_cmd_type
                0x000000004013f767                ata_handle_queued_status
                0x00000000401400c2                ata_channel_lock
                0x000000004014012a                ata_channel_unlock
                0x000000004014014c                ata_cmdblk_handler
                0x0000000040140256                ata_ctlblk_handler
                0x0000000040140e4b                ata_ahci_mode
                0x0000000040141334                ata_init_io_handler
                0x00000000401413ca                ata_set_bm_handler
                0x000000004014141d                ata_set_cmdblk_handler
                0x0000000040141456                ata_set_ctlblk_handler
                0x0000000040141491                ata_config_read
                0x000000004014155f                ata_config_write
                0x00000000401416fd                ata_init_vendor
                0x0000000040141720                ata_bm_handle_device_specific
                0x0000000040141820                atapi_handle_config_data
                0x0000000040141a6b                atapi_handle_interrupt_reason
                0x0000000040141ab1                atapi_handle_pio_identify_packet
                0x0000000040141c37                atapi_handle_packet_data
                0x0000000040141c3d                atapi_handle_cmd_packet
                0x0000000040141caf                packet_handle_through
                0x0000000040141cdd                packet_handle_nondata
                0x0000000040141cf2                packet_handle_config
                0x0000000040141d37                packet_handle_rw
                0x0000000040141dc2                packet_handle_invalid
                0x0000000040141dd7                packet_handle_command
                0x0000000040141e10                uhci_init
                0x000000004014266e                uhci_current_frame_number
                0x0000000040142680                dump_td_byvirt
                0x0000000040142848                dump_td
                0x0000000040142915                dump_qh
                0x0000000040142aef                dump_frame
                0x0000000040142bf0                uhci_dump_all
                0x0000000040142da9                uhci_error_status_string
                0x0000000040143053                uhci_shadow_buffer
                0x00000000401432b5                uhci_framelist_monitor
                0x000000004014521a                scan_gframelist
                0x0000000040145ad9                uhci_create_urb
                0x0000000040145c30                uhci_destroy_urb
                0x0000000040145d59                uhci_destroy_unlinked_urbs
                0x0000000040145e2d                uhci_deactivate_urb
                0x000000004014618e                uhci_activate_urb
                0x0000000040146706                uhci_reactivate_urb
                0x00000000401467a8                uhci_submit_control
                0x0000000040146dcc                uhci_submit_interrupt
                0x0000000040146e35                uhci_submit_bulk
                0x0000000040146e9e                uhci_check_urb_advance
                0x0000000040146eca                uhci_check_advance
                0x00000000401470d0                init_hframelist
                0x00000000401473a1                ehci_conceal_portroute
                0x00000000401473dc                ehci_init
                0x0000000040149217                ehci_dump_qtd
                0x0000000040149277                ehci_dump_qtdm
                0x00000000401492ab                ehci_dump_alist
                0x0000000040149368                ehci_dump_urblist
                0x00000000401493f2                ehci_dump_urb
                0x0000000040149888                ehci_dump_async
                0x0000000040149cef                ehci_dump_all
                0x000000004014b269                ehci_shadow_buffer
                0x000000004014b505                get_gurb_by_address
                0x000000004014b59c                shadow_and_activate_urb
                0x000000004014b886                ehci_deactivate_urb
                0x000000004014ba0d                deactivate_and_delete_urb
                0x000000004014bc85                ehci_check_urb_advance
                0x000000004014be49                ehci_check_advance
                0x000000004014c082                ehci_shadow_async_list
                0x000000004014c18a                ehci_cleanup_urbs
                0x000000004014c2e4                ehci_end_monitor_async
                0x000000004014c34e                ehci_monitor_async_list
                0x000000004014c9d4                ehci_submit_control
                0x000000004014cf71                ehci_submit_bulk
                0x000000004014cf77                ehci_submit_interrupt
                0x000000004014eaa2                usbmsc_init_handle
                0x000000004014ee6b                usbhub_init_handle
                0x000000004014eedf                hub_portdevice_register
                0x000000004014f5a9                usbccid_init_handle
                0x000000004014f6c0                usb_set_debug
                0x000000004014f6c7                usb_init
                0x000000004014f6c9                usb_find_busses
                0x000000004014f7a6                usb_get_busses
                0x000000004014f7ae                usb_get_bus
                0x000000004014f7d9                usb_find_devices
                0x000000004014f824                usb_open
                0x000000004014f881                usb_close
                0x000000004014f894                usb_resetep
                0x000000004014f89a                usb_clear_halt
                0x000000004014f8a0                usb_reset
                0x000000004014f8a6                usb_claim_interface
                0x000000004014f8af                usb_release_interface
                0x000000004014f8bc                usb_set_configuration
                0x000000004014fb65                usb_set_altinterface
                0x000000004014fe10                usb_control_msg
                0x0000000040150171                usb_get_string
                0x00000000401504ae                usb_get_string_simple
                0x000000004015069a                usb_get_descriptor
                0x00000000401509dc                usb_get_descriptor_early
                0x0000000040150d2a                usb_get_descriptor_by_endpoint
                0x0000000040151070                usb_bulk_write
                0x00000000401512a2                usb_interrupt_write
                0x00000000401514d4                usb_bulk_read
                0x0000000040151780                usb_interrupt_read
                0x0000000040151a2c                usb_register_host
                0x0000000040151b4d                usb_unregister_devices
                0x0000000040151b80                usb_sc_lock
                0x0000000040151be3                usb_sc_unlock
                0x00000000401522e3                free_config_descriptors
                0x0000000040152433                free_device
                0x0000000040152598                handle_connect_status
                0x0000000040152695                handle_port_reset
                0x0000000040152768                dprintf_port
                0x0000000040153664                usb_init_device_monitor
                0x00000000401536c9                usb_new_dev_handle
                0x000000004015376f                usbhid_init_handle
                0x0000000040153896                usb_hook_process
                0x0000000040153b9a                usb_hook_register
                0x0000000040153c70                usb_hook_unregister
                0x0000000040153ce3                _dprintf
                0x0000000040153d39                _dprintft
                0x0000000040153dee                pro100_io_handler
                0x0000000040153df4                pro100_config_read
                0x0000000040153e0e                pro100_config_write
                0x0000000040153f31                pro100_init
                0x0000000040153f4e                pro100_init_vpn_client
                0x0000000040153f80                pro100_sleep
                0x0000000040153fae                pro100_beep
                0x0000000040153fd7                pro100_get_ctx
                0x0000000040154060                pro100_alloc_page
                0x0000000040154095                pro100_free_page
                0x00000000401540ad                pro100_get_op_size
                0x00000000401540e6                pro100_mem_read
                0x000000004015414a                pro100_read_send_packet
                0x000000004015431b                pro100_mem_write
                0x000000004015437d                pro100_write
                0x00000000401543eb                pro100_read
                0x0000000040154466                pro100_wait_cu_ru_accepable
                0x00000000401544a2                pro100_init_cu_base_addr
                0x00000000401544f5                pro100_init_ru_base_addr
                0x0000000040154548                pro100_flush
                0x0000000040154566                pro100_exec_cu_op
                0x00000000401546af                pro100_send_packet_to_line
                0x00000000401547e6                pro100_generate_int
                0x0000000040154818                pro100_write_recv_packet
                0x000000004015496a                pro100_proc_guest_op
                0x0000000040154b78                pro100_get_int_bit_string
                0x0000000040154bee                pro100_get_stat_ack_string
                0x0000000040154c59                pro100_get_cu_command_string
                0x0000000040154cc7                pro100_get_ru_command_string
                0x0000000040154d05                pro100_init_recv_buffer
                0x0000000040154e38                pro100_poll_ru
                0x0000000040154f32                pro100_hook_write
                0x00000000401551ec                pro100_hook_read
                0x00000000401553aa                pro100_mm_handler
                0x00000000401554ef                pro100_alloc_recv_buffer
                0x0000000040155550                pro100_new
                0x0000000040157846                storage_premap_buf
                0x000000004015784c                storage_premap_handle_sectors
                0x0000000040157b72                storage_get_num_hc
                0x0000000040157b9f                storage_hc_open
                0x0000000040157c94                storage_hc_close
                0x0000000040157ce1                storage_hc_hook_register
                0x0000000040157d59                storage_hc_hook_unregister
                0x0000000040157df6                storage_hc_register
                0x0000000040157fbc                storage_hc_unregister
                0x00000000401580b1                storage_hc_scandev
                0x00000000401580f9                storage_hc_dev_open
                0x0000000040158226                storage_hc_dev_atacommand
                0x00000000401583f9                storage_hc_dev_close
                0x00000000401584ac                storage_io_init
                0x00000000401584bc                storage_io_deinit
                0x00000000401584ca                storage_io_get_num_devices
                0x000000004015858d                storage_io_aget_size
                0x00000000401586e0                storage_io_aread
                0x00000000401588fd                storage_io_awrite
                0x0000000040159063                storage_handle_sectors
                0x0000000040159285                storage_new
                0x00000000401596f6                storage_free
                0x0000000040159704                storage_init
                0x000000004015991b                aes_xts_init
                0x0000000040159960                crypto_find
                0x00000000401599a6                crypto_register
                0x00000000401599e9                crypto_init
                0x0000000040159a3b                crypto_none_init
                0x0000000040159a6d                vpn_GetCurrentCpuId
                0x0000000040159a7b                vpn_GetTickCount
                0x0000000040159aac                vpn_NewTimer
                0x0000000040159ac9                vpn_SetTimer
                0x0000000040159ae0                vpn_FreeTimer
                0x0000000040159aee                vpn_GetPhysicalNicInfo
                0x0000000040159b00                vpn_SendPhysicalNic
                0x0000000040159b12                vpn_SetPhysicalNicRecvCallback
                0x0000000040159b24                vpn_GetVirtualNicInfo
                0x0000000040159b37                vpn_SendVirtualNic
                0x0000000040159b4a                vpn_SetVirtualNicRecvCallback
                0x0000000040159b5d                vpn_premap_PhysicalNicRecv
                0x0000000040159b79                vpn_premap_VirtualNicRecv
                0x0000000040159b95                vpn_premap_recvbuf
                0x0000000040159b9b                vpn_ic_rsa_sign
                0x0000000040159c2f                vpn_new_nic
                0x000000004015a222                msg_vpn_GetCurrentCpuId
                0x000000004015a23d                msg_vpn_ic_rsa_sign
                0x000000004015a2f6                msg_vpn_GetTickCount
                0x000000004015a337                msg_vpn_GetPhysicalNicInfo
                0x000000004015a399                msg_vpn_SendPhysicalNic
                0x000000004015a44a                msg_vpn_SetPhysicalNicRecvCallback
                0x000000004015a49a                msg_vpn_GetVirtualNicInfo
                0x000000004015a4fc                msg_vpn_SendVirtualNic
                0x000000004015a5ad                msg_vpn_SetVirtualNicRecvCallback
                0x000000004015a5fd                msg_vpn_NewTimer
                0x000000004015a660                msg_vpn_SetTimer
                0x000000004015a72c                msg_vpn_FreeTimer
                0x000000004015a798                vpn_start
                0x000000004015aae9                vpn_user_init
                0x000000004015ab40                SeFreeConfigEntryList
                0x000000004015ab8e                SeGetConfigEntry
                0x000000004015abfb                SeGetConfigStr
                0x000000004015ac29                SeGetConfigBin
                0x000000004015ac51                SeGetConfigInt64
                0x000000004015ac79                SeGetConfigInt
                0x000000004015aca1                SeGetConfigBool
                0x000000004015ad43                SeIsSplitChar
                0x000000004015adae                SeGetKeyAndValue
                0x000000004015af3f                SeLoadConfigEntryListFromBuf
                0x000000004015b0b0                SeLoadConfigEntryList
                0x000000004015b0f0                SePKeyPasswordCallbackFunction
                0x000000004015b122                SeDhFree
                0x000000004015b158                SeRsaVerifyWithPadding
                0x000000004015b21a                SeRsaSignWithPadding
                0x000000004015b2c5                SeRsaPublicDecrypt
                0x000000004015b34d                SeRsaPrivateEncrypt
                0x000000004015b3d5                SeRsaPrivateDecrypt
                0x000000004015b45a                SeRsaPublicEncrypt
                0x000000004015b4df                SeGetCertSha1
                0x000000004015b51c                SeGetCertMd5
                0x000000004015b559                SeBinToBigNum
                0x000000004015b58d                SeDhCompute
                0x000000004015b600                SeBufToBigNum
                0x000000004015b621                SeBigNumToBuf
                0x000000004015b69b                SeDhNew
                0x000000004015b755                SeDhNewGroup2
                0x000000004015b76d                SeRsaPublicToBuf
                0x000000004015b7b4                SeRsaPublicToBin
                0x000000004015b80c                SeRsaPublicSize
                0x000000004015b864                SeCheckSignature
                0x000000004015b892                SeGetKeyFromCert
                0x000000004015b8c4                SeCompareCert
                0x000000004015b8f2                SeCheckCertAndKey
                0x000000004015b920                SeIsBase64
                0x000000004015b99d                SeFreePKey
                0x000000004015b9b1                SeFreeKey
                0x000000004015b9cc                SeCheckCert
                0x000000004015ba19                SeIsCertSignedByCert
                0x000000004015ba79                SeBioToKey
                0x000000004015bb77                SeGetCertIssuerName
                0x000000004015bbfe                SeGetCertSubjectName
                0x000000004015bc8a                SeFreeX509
                0x000000004015bc9e                SeFreeCert
                0x000000004015bcbf                SeFreeBio
                0x000000004015bcd3                SeNewBio
                0x000000004015bce9                SeRsaGen
                0x000000004015be3c                SeKeyToBio
                0x000000004015bf32                SeCertToBio
                0x000000004015bf7d                SeBioToBuf
                0x000000004015bffe                SeBigNumToStr
                0x000000004015c06c                SeKeyToBuf
                0x000000004015c0c0                SeX509ToCert
                0x000000004015c168                SeBioToCert
                0x000000004015c1b4                SeSaveKey
                0x000000004015c209                SeCertToBuf
                0x000000004015c25d                SeSaveCert
                0x000000004015c2af                SeBufToBio
                0x000000004015c30b                SeBufToCert
                0x000000004015c351                SeCloneCert
                0x000000004015c39d                SeLoadCert
                0x000000004015c3df                SeBufToKey
                0x000000004015c42f                SeCloneKey
                0x000000004015c48c                SeLoadKey
                0x000000004015c52e                SeSha1
                0x000000004015c552                SeMacSha1
                0x000000004015c6b9                SeMacSha196
                0x000000004015c6fd                SeHashForSignBySHA1
                0x000000004015c7a6                SeRsaVerifyWithSha1
                0x000000004015c84e                SeRsaSignWithSha1
                0x000000004015c8df                SeMd5
                0x000000004015c903                SeDes3Encrypt
                0x000000004015c984                SeDes3Decrypt
                0x000000004015ca05                SeDesNewKeyValue
                0x000000004015ca5b                SeDes3NewKey
                0x000000004015cac9                SeDesNewKey
                0x000000004015cadd                SeDesRandKeyValue
                0x000000004015cafa                SeDes3RandKey
                0x000000004015cb36                SeDesRandKey
                0x000000004015cb73                SeDesFreeKeyValue
                0x000000004015cb8e                SeDes3FreeKey
                0x000000004015cbbb                SeDesFreeKey
                0x000000004015cbc9                SeRand
                0x000000004015cbe1                SeRand64
                0x000000004015cbfe                SeRand32
                0x000000004015cc1a                SeRand16
                0x000000004015cc37                SeRand8
                0x000000004015cc54                SeRand1
                0x000000004015cc6a                SeInitCrypto
                0x000000004015cca7                SeFreeCrypto
                0x000000004015ccc0                SeIkeStrToPassword
                0x000000004015cd1a                SeIkePhase1CryptIdToKeySize
                0x000000004015cd35                SeIkePhase2CryptIdToKeySize
                0x000000004015cd50                SeIkeStrToPhase1Mode
                0x000000004015cd80                SeIkeStrToPhase1CryptId
                0x000000004015cdd9                SeIkeStrToPhase1HashId
                0x000000004015ce0b                SeIkeStrToPhase2CryptId
                0x000000004015ce69                SeIkeStrToPhase2HashId
                0x000000004015ce9b                SeIkeIsZeroIP
                0x000000004015ced1                SeIkeInitIPv6Address
                0x000000004015cf0e                SeIkeInitIPv4Address
                0x000000004015cf41                SeIkeGetIPv6Address
                0x000000004015cf63                SeIkeGetIPv4Address
                0x000000004015cf81                SeIkeIpAddressToStr
                0x000000004015cfbe                SeIkeBuildDataPayload
                0x000000004015cffb                SeIkeBuildTransformValue
                0x000000004015d0bb                SeIkeBuildTransformValueList
                0x000000004015d125                SeIkeBuildTransformPayload
                0x000000004015d1a0                SeIkeBuildIdPayload
                0x000000004015d216                SeIkeBuildCertPayload
                0x000000004015d276                SeIkeBuildCertRequestPayload
                0x000000004015d2d6                SeIkeBuildNoticePayload
                0x000000004015d363                SeIkeBuildDeletePayload
                0x000000004015d43c                SeIkeGetFirstPayloadType
                0x000000004015d45d                SeIkeBuildPayloadList
                0x000000004015d567                SeIkeBuildSaPayload
                0x000000004015d5ef                SeIkeBuildProposalPayload
                0x000000004015d69c                SeIkeBuildPayload
                0x000000004015d779                SeIkeGetPayload
                0x000000004015d7c2                SeIkeGetPayloadNum
                0x000000004015d7ff                SeIkeNewPayload
                0x000000004015d810                SeIkeNewDeletePayload
                0x000000004015d840                SeIkeNewNoticePayload
                0x000000004015d8c7                SeIkeNewCertRequestPayload
                0x000000004015d916                SeIkeNewCertPayload
                0x000000004015d965                SeIkeNewIdPayload
                0x000000004015d9cc                SeIkeNewTransformPayload
                0x000000004015d9ff                SeIkeNewProposalPayload
                0x000000004015da70                SeIkeNewSaPayload
                0x000000004015da90                SeIkeNewDataPayload
                0x000000004015dac9                SeIkeNewTransformValue
                0x000000004015daea                SeIkeFreeTransformValueList
                0x000000004015db25                SeIkeParseTransformValueList
                0x000000004015dc9b                SeIkeParseTransformPayload
                0x000000004015dcfd                SeIkeFreeTransformPayload
                0x000000004015dd1e                SeIkeParseIdPayload
                0x000000004015dd92                SeIkeFreeIdPayload
                0x000000004015ddb3                SeIkeParseCertPayload
                0x000000004015de11                SeIkeFreeCertPayload
                0x000000004015de32                SeIkeParseCertRequestPayload
                0x000000004015de90                SeIkeFreeCertRequestPayload
                0x000000004015deb1                SeIkeParseNoticePayload
                0x000000004015df6e                SeIkeFreeNoticePayload
                0x000000004015dfa5                SeIkeFreeDeletePayload
                0x000000004015dff6                SeIkeParseDeletePayload
                0x000000004015e0ee                SeIkeParseDataPayload
                0x000000004015e11b                SeIkeFreeDataPayload
                0x000000004015e132                SeIkeFreePayloadList
                0x000000004015e16d                SeIkeFreeSaPayload
                0x000000004015e18c                SeIkeFreeProposalPayload
                0x000000004015e1c3                SeIkeFreePayload
                0x000000004015e25e                SeIkeParsePayloadListEx
                0x000000004015e3db                SeIkeParsePayloadList
                0x000000004015e3f1                SeIkeParseSaPayload
                0x000000004015e4a4                SeIkeParseProposalPayload
                0x000000004015e538                SeIkeParsePayload
                0x000000004015e620                SeIkeEncrypt
                0x000000004015e6b9                SeIkeEncryptWithPadding
                0x000000004015e74f                SeIkeBuild
                0x000000004015e8a3                SeIkeDecrypt
                0x000000004015e93c                SeIkeFree
                0x000000004015e96b                SeIkeParseEx
                0x000000004015eb23                SeIkeParseHeader
                0x000000004015eb36                SeIkeParse
                0x000000004015eb49                SeIkeNew
                0x000000004015ebb0                VPN_IPsec_Client_Start
                0x000000004015ebdb                VPN_IPsec_Client_Stop
                0x000000004015ebef                SeIntInit
                0x000000004015ec05                SeIntFree
                0x000000004015ec22                VPN_IPsec_Init
                0x000000004015ec6f                VPN_IPsec_Free
                0x000000004015eca5                SeSysMemoryAlloc
                0x000000004015ecc4                SeSysMemoryReAlloc
                0x000000004015ecf1                SeSysMemoryFree
                0x000000004015ed0d                SeSysGetCurrentCpuId
                0x000000004015ed28                SeSysNewLock
                0x000000004015ed43                SeSysLock
                0x000000004015ed5f                SeSysUnlock
                0x000000004015ed7b                SeSysFreeLock
                0x000000004015ed97                SeSysGetTickCount
                0x000000004015edb2                SeSysNewTimer
                0x000000004015edda                SeSysSetTimer
                0x000000004015edf6                SeSysFreeTimer
                0x000000004015ee12                SeSysGetPhysicalNicInfo
                0x000000004015ee33                SeSysSendPhysicalNic
                0x000000004015ee5c                SeSysSetPhysicalNicRecvCallback
                0x000000004015ee82                SeSysGetVirtualNicInfo
                0x000000004015eea3                SeSysSendVirtualNic
                0x000000004015eecf                SeSysSetVirtualNicRecvCallback
                0x000000004015eef8                SeSysSaveData
                0x000000004015ef23                SeSysLoadData
                0x000000004015ef51                SeSysFreeData
                0x000000004015ef70                SeSysRsaSign
                0x000000004015efab                SeSysLog
                0x000000004015efdc                SeRsaSign
                0x000000004015f070                Se4ParseIpPacketUDPv4
                0x000000004015f149                Se4FreeIpHeaderInfo
                0x000000004015f170                Se4IpChecksum
                0x000000004015f1e6                Se4AdjustTcpMss
                0x000000004015f371                Se4BuildIcmpEchoPacket
                0x000000004015f414                Se4ParseIpPacketICMPv4
                0x000000004015f537                Se4IpCheckChecksum
                0x000000004015f56e                Se4Tick
                0x000000004015f58a                Se4BroadcastMacAddress
                0x000000004015f590                Se4SendEthPacket
                0x000000004015f644                Se4SendIpFragmentNow
                0x000000004015f670                Se4InitArpEntryList
                0x000000004015f683                Se4FreeArpEntryList
                0x000000004015f6be                Se4FlushArpEntryList
                0x000000004015f756                Se4SearchArpEntryList
                0x000000004015f7d3                Se4AddArpEntryList
                0x000000004015f89b                Se4SearchArpWaitList
                0x000000004015f8d9                Se4InitArpWaitList
                0x000000004015f8ec                Se4FreeArpWaitList
                0x000000004015f927                Se4InsertIpWait
                0x000000004015f98f                Se4InitIpWaitList
                0x000000004015f9a2                Se4FreeIpWait
                0x000000004015f9be                Se4FlushIpWaitList
                0x000000004015fa6c                Se4FreeIpWaitList
                0x000000004015faa7                Se4InitIpCombineList
                0x000000004015faba                Se4SearchIpCombineList
                0x000000004015fb1a                Se4InitIpFragmentList
                0x000000004015fb2d                Se4InsertIpCombine
                0x000000004015fc11                Se4FreeIpFragmentList
                0x000000004015fc4c                Se4FreeIpCombine
                0x000000004015fc77                Se4FreeIpCombineList
                0x000000004015fcb4                Se4FlushIpCombineList
                0x000000004015fd90                Se4Free
                0x000000004015fdc7                Se4And
                0x000000004015fdf6                Se4GetNetworkAddress
                0x000000004015fdfd                Se4Or
                0x000000004015fe2c                Se4Not
                0x000000004015fe55                Se4GetHostAddress
                0x000000004015fe6a                Se4GetBroadcastAddress
                0x000000004015fe94                Se4GenerateSubnetMask32
                0x000000004015feb6                Se4IPToStr
                0x000000004015fef7                Se4ZeroIP
                0x000000004015ff13                Se4StrToIP
                0x000000004015ffb1                Se4IPToUINT
                0x000000004015ffd6                Se4SendArpDoProcess
                0x00000000401600d1                Se4SendArpRequest
                0x000000004016012d                Se4ProcessArpWaitList
                0x00000000401601dd                Se4MainProc
                0x0000000040160201                Se4SendArpResponse
                0x00000000401602d6                Se4IsBroadcastAddress
                0x00000000401602ed                Se4Cmp
                0x0000000040160317                Se4CmpArpEntry
                0x0000000040160351                Se4CmpArpWaitEntry
                0x000000004016038b                Se4SendWaitingIpWait
                0x0000000040160468                Se4CmpIpCombineList
                0x00000000401604df                Se4IsInSameNetwork
                0x0000000040160513                Se4MacIpRelationKnown
                0x00000000401605a6                Se4ParseIpPacket
                0x00000000401606e9                Se4IsZeroIP
                0x00000000401606ff                Se4Init
                0x0000000040160801                Se4CheckUnicastAddress
                0x0000000040160843                Se4StrToIP32
                0x0000000040160858                Se4UINTToIP
                0x000000004016087d                Se4SendRawIp
                0x00000000401609c4                Se4SendIpFragment
                0x0000000040160aea                Se4SendIp
                0x0000000040160be5                Se4SendIcmpEchoRequest
                0x0000000040160c67                Se4SendIcmpEchoResponse
                0x0000000040160ce9                Se4RecvIpComplete
                0x0000000040160db2                Se4CombineIp
                0x0000000040160f9b                Se4SendIcmp
                0x0000000040161042                Se4SendUdp
                0x0000000040161169                Se4RecvIp
                0x00000000401613ea                Se4RecvArpRequest
                0x00000000401614f7                Se4RecvArpResponse
                0x000000004016152f                Se4RecvArp
                0x00000000401615d7                Se4RecvEthPacket
                0x0000000040161650                Se4GenerateSubnetMask
                0x0000000040161665                Se4IsSubnetMask
                0x00000000401616a5                Se4IPToStr32
                0x00000000401616c0                Se6CmpIpCombineList
                0x0000000040161786                Se6CmpNdpWaitEntry
                0x00000000401617ea                Se6CmpNeighborEntry
                0x000000004016184e                Se6IsGuestNode
                0x0000000040161932                Se6FreeIpHeaderInfo
                0x0000000040161959                Se6IpChecksum
                0x00000000401619cf                Se6CalcChecksum
                0x0000000040161a70                Se6BuildIcmpEchoPacket
                0x0000000040161b49                Se6ParseIpPacketUDPv6
                0x0000000040161c74                Se6ParseIpPacketICMPv6
                0x0000000040161e9f                Se6BroadcastMacAddress
                0x0000000040161ea5                Se6SendEthPacket
                0x0000000040161f59                Se6SendIpFragmentNow
                0x0000000040161f85                Se6InitNeighborEntryList
                0x0000000040161f98                Se6FreeNeighborEntryList
                0x0000000040161fd3                Se6FlushNeighborEntryList
                0x000000004016206b                Se6SearchNeighborEntryList
                0x00000000401620ba                Se6AddNeighborEntryList
                0x0000000040162186                Se6SearchNdpWaitList
                0x00000000401621cd                Se6InitNdpWaitList
                0x00000000401621e0                Se6FreeNdpWaitList
                0x000000004016221b                Se6InsertIpWait
                0x000000004016229a                Se6InitIpWaitList
                0x00000000401622ad                Se6FreeIpWait
                0x00000000401622c9                Se6SendWaitingIpWait
                0x00000000401623d7                Se6FreeIpWaitList
                0x0000000040162412                Se6InitIpCombineList
                0x0000000040162425                Se6SearchIpCombineList
                0x00000000401624a8                Se6InitIpFragmentList
                0x00000000401624bb                Se6FreeIpFragmentList
                0x00000000401624f6                Se6FreeIpCombine
                0x0000000040162524                Se6FreeIpCombineList
                0x0000000040162561                Se6Free
                0x00000000401625a4                Se6Tick
                0x00000000401625c0                Se6FlushIpWaitList
                0x0000000040162674                Se6FlushIpCombineList
                0x0000000040162753                Se6InsertIpCombine
                0x0000000040162870                Se6GenerateEui64Address
                0x00000000401628c4                Se6GenerateMulticastMacAddress
                0x00000000401628f7                Se6GetAllNodeMulticastAddr
                0x0000000040162924                Se6GetAllRouterMulticastAddr
                0x0000000040162951                Se6GetIPAddrType
                0x0000000040162a9c                Se6CheckUnicastAddress
                0x0000000040162ae0                Se6And
                0x0000000040162b21                Se6GetPrefixAddress
                0x0000000040162b2f                Se6IsInSameNetwork
                0x0000000040162bb4                Se6ParseIpPacket
                0x0000000040162d9a                Se6Or
                0x0000000040162ddb                Se6Not
                0x0000000040162e10                Se6GetHostAddress
                0x0000000040162e3f                Se6IsNetworkPrefixAddress
                0x0000000040162e6b                Se6GenerateSubnetMask
                0x0000000040162ec7                Se6LocalSubnet
                0x0000000040162eda                Se6MacIpRelationKnown
                0x0000000040162fcf                Se6AddGuestNode
                0x0000000040163084                Se6GetSoliciationMulticastAddr
                0x0000000040163116                Se6SendIcmpNeighborSoliciation
                0x000000004016324f                Se6SendNeighborSoliciationDoProcess
                0x00000000401632da                Se6ProcessNdpWaitList
                0x0000000040163390                Se6SendNeighborSoliciation
                0x0000000040163405                Se6SendRawIp
                0x000000004016358a                Se6SendIpFragment
                0x00000000401635a6                Se6SendIp
                0x00000000401636fe                Se6SendIcmpEchoRequest
                0x00000000401637c5                Se6SendIcmpEchoResponse
                0x000000004016388c                Se6SendIcmp
                0x0000000040163993                Se6SendIcmpNeighborAdvertisement
                0x0000000040163ad5                Se6SendUdp
                0x0000000040163bf0                Se6SubnetMaskToInt
                0x0000000040163c52                Se6SendIcmpRouterAdvertisement
                0x0000000040163e0c                Se6MainProc
                0x0000000040163e59                Se6RecvIpComplete
                0x0000000040164180                Se6CombineIp
                0x0000000040164385                Se6RecvIp
                0x0000000040164594                Se6RecvEthPacket
                0x00000000401645f7                Se6IsSubnetMask
                0x000000004016465c                Se6Cmp
                0x000000004016468a                Se6IsZeroIP
                0x00000000401646a9                Se6IPToStr
                0x00000000401647f9                Se6IPItemStrToChars
                0x00000000401648ec                Se6CheckIPItemStr
                0x000000004016494d                Se6ZeroIP
                0x000000004016496c                Se6GenerateEui64GlobalAddress
                0x0000000040164a19                Se6GenerateEui64LocalAddress
                0x0000000040164a77                Se6Init
                0x0000000040164bee                Se6StrToIP
                0x0000000040164d4d                Se6CheckSubnetLength
                0x0000000040164d60                SeTimerEntryCompare
                0x0000000040164d9a                SeEthGetInfo
                0x0000000040164dc2                SeEthSendAdd
                0x0000000040164de8                SeEthParseEthernetPacket
                0x0000000040164ed8                SeEthGenRandMacAddress
                0x0000000040164f28                SeLoad
                0x0000000040164f94                SeSave
                0x0000000040164fb4                SeTick
[...]
svm_paging_set_gpat                               output.o
svm_paging_spt_setcr3                             output.o
svm_paging_start                                  output.o
svm_paging_tlbflush                               output.o
svm_paging_updatecr3                              output.o
svm_panic_dump                                    output.o
svm_read_control_reg                              output.o
svm_read_flags                                    output.o
svm_read_gdtr                                     output.o
svm_read_general_reg                              output.o
svm_read_idtr                                     output.o
svm_read_ip                                       output.o
svm_read_msr                                      output.o
svm_read_sreg_acr                                 output.o
svm_read_sreg_base                                output.o
svm_read_sreg_limit                               output.o
svm_read_sreg_sel                                 output.o
svm_reset                                         output.o
svm_resume                                        output.o
svm_start_vm                                      output.o
svm_vmexit                                        output.o
svm_vminit                                        output.o
svm_write_control_reg                             output.o
svm_write_flags                                   output.o
svm_write_gdtr                                    output.o
svm_write_general_reg                             output.o
svm_write_idtr                                    output.o
svm_write_ip                                      output.o
svm_write_msr                                     output.o
svm_write_realmode_seg                            output.o
svm_writing_sreg                                  output.o
sx_handler                                        output.o
sym_to_phys                                       output.o
sync_all_processors                               output.o
sys_exitprocess                                   output.o
sys_msgclose                                      output.o
sys_msgopen                                       output.o
sys_msgregister                                   output.o
sys_msgret                                        output.o
sys_msgsendbuf                                    output.o
sys_msgsenddesc                                   output.o
sys_msgsendint                                    output.o
sys_msgsetfunc                                    output.o
sys_msgunregister                                 output.o
sys_newprocess                                    output.o
syscall_entry_lret                                output.o
syscall_entry_sysexit                             output.o
syscall_entry_sysret64                            output.o
tcg_measure                                       output.o
thread_exit                                       output.o
thread_gettid                                     output.o
thread_new                                        output.o
thread_start0                                     output.o
thread_start1                                     output.o
thread_switch                                     output.o
thread_wakeup                                     output.o
thread_will_stop                                  output.o
timer_free                                        output.o
timer_new                                         output.o
timer_set                                         output.o
tree_find_sk                                      output.o
tty_init_iohook                                   output.o
tty_putchar                                       output.o
tty_udp_register                                  output.o
ttylog_stop                                       output.o
uefi_acpi_20_table                                output.o
uefi_acpi_table                                   output.o
uefi_allocate_pages                               output.o
uefi_booted                                       output.o
uefi_conin                                        output.o
uefi_conin_read_key_stroke                        output.o
uefi_conout                                       output.o
uefi_conout_output_string                         output.o
uefi_entry_call                                   output.o
uefi_entry_pcpy                                   output.o
uefi_entry_ret_addr                               output.o
uefi_entry_rsp                                    output.o
uefi_entry_start                                  output.o
uefi_entry_virttophys                             output.o
uefi_free_pages                                   output.o
uefi_get_memory_map                               output.o
uefi_init                                         output.o
uefi_init_get_vmmsize                             output.o
uefi_memory_map_data                              output.o
uefi_memory_map_descsize                          output.o
uefi_memory_map_size                              output.o
uefi_wait_for_event                               output.o
uhci_activate_urb                                 output.o
uhci_check_advance                                output.o
uhci_check_urb_advance                            output.o
uhci_create_urb                                   output.o
uhci_current_frame_number                         output.o
uhci_deactivate_urb                               output.o
uhci_destroy_unlinked_urbs                        output.o
uhci_destroy_urb                                  output.o
uhci_dump_all                                     output.o
uhci_error_status_string                          output.o
uhci_framelist_monitor                            output.o
uhci_init                                         output.o
uhci_monitor_boost_hc                             output.o
uhci_reactivate_urb                               output.o
uhci_shadow_buffer                                output.o
uhci_submit_bulk                                  output.o
uhci_submit_control                               output.o
uhci_submit_interrupt                             output.o
unmapmem                                          output.o
update_mtrr_and_pat                               output.o
usb_bulk_read                                     output.o
usb_bulk_write                                    output.o
usb_busses_head                                   output.o
usb_claim_interface                               output.o
usb_clear_halt                                    output.o
usb_close                                         output.o
usb_control_msg                                   output.o
usb_find_busses                                   output.o
usb_find_devices                                  output.o
usb_get_bus                                       output.o
usb_get_busses                                    output.o
usb_get_descriptor                                output.o
usb_get_descriptor_by_endpoint                    output.o
usb_get_descriptor_early                          output.o
usb_get_string                                    output.o
usb_get_string_simple                             output.o
usb_hc_list_head                                  output.o
usb_hook_process                                  output.o
usb_hook_register                                 output.o
usb_hook_unregister                               output.o
usb_init                                          output.o
usb_init_device_monitor                           output.o
usb_interrupt_read                                output.o
usb_interrupt_write                               output.o
usb_log_level                                     output.o
usb_new_dev_handle                                output.o
usb_open                                          output.o
usb_register_host                                 output.o
usb_release_interface                             output.o
usb_reset                                         output.o
usb_resetep                                       output.o
usb_sc_lock                                       output.o
usb_sc_unlock                                     output.o
usb_set_altinterface                              output.o
usb_set_configuration                             output.o
usb_set_debug                                     output.o
usb_unregister_devices                            output.o
usbccid_init_handle                               output.o
usbhid_init_handle                                output.o
usbhub_init_handle                                output.o
usbmsc_init_handle                                output.o
use_pae                                           output.o
usleep                                            output.o
v2i_ASN1_BIT_STRING                               output.o
v2i_GENERAL_NAME                                  output.o
v2i_GENERAL_NAMES                                 output.o
v2i_GENERAL_NAME_ex                               output.o
v3_akey_id                                        output.o
v3_alt                                            output.o
v3_bcons                                          output.o
v3_cpols                                          output.o
v3_crl_hold                                       output.o
v3_crl_invdate                                    output.o
v3_crl_num                                        output.o
v3_crl_reason                                     output.o
v3_crld                                           output.o
v3_delta_crl                                      output.o
v3_ext_ku                                         output.o
v3_freshest_crl                                   output.o
v3_idp                                            output.o
v3_info                                           output.o
v3_inhibit_anyp                                   output.o
v3_key_usage                                      output.o
v3_name_constraints                               output.o
v3_ns_ia5_list                                    output.o
v3_nscert                                         output.o
v3_ocsp_accresp                                   output.o
v3_ocsp_acutoff                                   output.o
v3_ocsp_crlid                                     output.o
v3_ocsp_nocheck                                   output.o
v3_ocsp_nonce                                     output.o
v3_ocsp_serviceloc                                output.o
v3_pci                                            output.o
v3_pkey_usage_period                              output.o
v3_policy_constraints                             output.o
v3_policy_mappings                                output.o
v3_sinfo                                          output.o
v3_skey_id                                        output.o
v3_sxnet                                          output.o
vcpu_list_foreach                                 output.o
vga_fill_rect                                     output.o
vga_get_screen_size                               output.o
vga_is_ready                                      output.o
vga_register                                      output.o
vga_transfer_image                                output.o
virt_memcpy                                       output.o
vmctl_svm_init                                    output.o
vmctl_vt_init                                     output.o
vmi_translate_ksym2v                              output.o
vmm_base_cr3                                      output.o
vmm_main                                          output.o
vmm_start_inf                                     output.o
vmm_start_phys                                    output.o
vmm_term_inf                                      output.o
vmmcall                                           output.o
vmmcall_boot_continue                             output.o
vmmcall_boot_enable                               output.o
vmmcall_init                                      output.o
vmmcall_register                                  output.o
vmmsize                                           output.o
vpn_FreeTimer                                     output.o
vpn_GetCurrentCpuId                               output.o
vpn_GetPhysicalNicInfo                            output.o
vpn_GetTickCount                                  output.o
vpn_GetVirtualNicInfo                             output.o
vpn_NewTimer                                      output.o
vpn_SendPhysicalNic                               output.o
vpn_SendVirtualNic                                output.o
vpn_SetPhysicalNicRecvCallback                    output.o
vpn_SetTimer                                      output.o
vpn_SetVirtualNicRecvCallback                     output.o
vpn_ic_rsa_sign                                   output.o
vpn_new_nic                                       output.o
vpn_premap_PhysicalNicRecv                        output.o
vpn_premap_VirtualNicRecv                         output.o
vpn_premap_recvbuf                                output.o
vpn_start                                         output.o
vpn_user_init                                     output.o
vprintf                                           output.o
vramwrite_clearscreen                             output.o
vramwrite_exit_global                             output.o
vramwrite_get_cursor_pos                          output.o
vramwrite_init_global                             output.o
vramwrite_mark1                                   output.o
vramwrite_mark2                                   output.o
vramwrite_mark3                                   output.o
vramwrite_putchar                                 output.o
vramwrite_restore_cursor                          output.o
vramwrite_save_and_move_cursor                    output.o
vsnprintf                                         output.o
vt__vmx_init                                      output.o
vt__vmxon                                         output.o
vt_add_guest_msr                                  output.o
vt_available                                      output.o
vt_enable_resume                                  output.o
vt_ept_clear_all                                  output.o
vt_ept_extern_mapsearch                           output.o
vt_ept_init                                       output.o
vt_ept_map_1mb                                    output.o
vt_ept_tlbflush                                   output.o
vt_ept_updatecr3                                  output.o
vt_ept_violation                                  output.o
vt_extern_iopass                                  output.o
vt_generate_external_int                          output.o
vt_generate_pagefault                             output.o
vt_get_current_regs_in_vmcs                       output.o
vt_get_vmcs_regs_in_vmcs                          output.o
vt_init                                           output.o
vt_init_signal                                    output.o
vt_io                                             output.o
vt_iopass                                         output.o
vt_iopass_init                                    output.o
vt_msr_init                                       output.o
vt_msr_update_lma                                 output.o
vt_paging_apply_fixed_cr0                         output.o
vt_paging_apply_fixed_cr4                         output.o
vt_paging_clear_all                               output.o
vt_paging_extern_flush_tlb_entry                  output.o
vt_paging_flush_guest_tlb                         output.o
vt_paging_get_gpat                                output.o
vt_paging_init                                    output.o
vt_paging_invalidate                              output.o
vt_paging_map_1mb                                 output.o
vt_paging_npf                                     output.o
vt_paging_pagefault                               output.o
vt_paging_pg_change                               output.o
vt_paging_set_gpat                                output.o
vt_paging_spt_setcr3                              output.o
vt_paging_start                                   output.o
vt_paging_tlbflush                                output.o
vt_paging_updatecr3                               output.o
vt_panic_dump                                     output.o
vt_read_control_reg                               output.o
vt_read_flags                                     output.o
vt_read_gdtr                                      output.o
vt_read_general_reg                               output.o
vt_read_guest_msr                                 output.o
vt_read_idtr                                      output.o
vt_read_ip                                        output.o
vt_read_msr                                       output.o
vt_read_sreg_acr                                  output.o
vt_read_sreg_base                                 output.o
vt_read_sreg_limit                                output.o
vt_read_sreg_sel                                  output.o
vt_reset                                          output.o
vt_resume                                         output.o
vt_start_vm                                       output.o
vt_update_exception_bmp                           output.o
vt_update_exint                                   output.o
vt_vmexit                                         output.o
vt_vminit                                         output.o
vt_vmptrld                                        output.o
vt_write_control_reg                              output.o
vt_write_flags                                    output.o
vt_write_gdtr                                     output.o
vt_write_general_reg                              output.o
vt_write_guest_msr                                output.o
vt_write_idtr                                     output.o
vt_write_ip                                       output.o
vt_write_msr                                      output.o
vt_write_realmode_seg                             output.o
vt_writing_sreg                                   output.o
waitcycles                                        output.o
wakeup_cont                                       output.o
wakeup_entry_addr                                 output.o
wakeup_entry_cr0                                  output.o
wakeup_entry_cr3                                  output.o
wakeup_entry_cr4                                  output.o
wakeup_entry_end                                  output.o
wakeup_entry_gdtr                                 output.o
wakeup_entry_start                                output.o
wakeup_init                                       output.o
wakeup_main                                       output.o
whirlpool_block                                   output.o
write_gphys_b                                     output.o
write_gphys_l                                     output.o
write_gphys_q                                     output.o
write_gphys_w                                     output.o
write_hphys_b                                     output.o
write_hphys_l                                     output.o
write_hphys_q                                     output.o
write_hphys_w                                     output.o
write_linearaddr_b                                output.o
write_linearaddr_l                                output.o
write_linearaddr_ok_b                             output.o
write_linearaddr_ok_l                             output.o
write_linearaddr_ok_w                             output.o
write_linearaddr_q                                output.o
write_linearaddr_tss                              output.o
write_linearaddr_w                                output.o
x509_name_ff                                      output.o
